  姝ｅ湪纭畾瑕佽繕鍘熺殑椤圭洰鈥?
  鎵€鏈夐」鐩潎鏄渶鏂扮殑锛屾棤娉曡繕鍘熴€?
  QuantumIdleModels -> C:\mywork\Antigravity\QuantumIdleBot\QuantumIdleModels\bin\Debug\net10.0\QuantumIdleModels.dll
C:\mywork\Antigravity\QuantumIdleBot\QuantumIdleWEB\Hubs\RemoteHub.cs(21,36): warning CS8765: 鍙傛暟鈥渆xception鈥濈被鍨嬬殑涓?Null 鎬т笌閲嶅啓鎴愬憳涓嶅尮閰?鍙兘鏄敱浜庝负 Null 鎬х壒鎬?銆?[C:\mywork\Antigravity\QuantumIdleBot\QuantumIdleWEB\QuantumIdleWEB.csproj]
C:\mywork\Antigravity\QuantumIdleBot\QuantumIdleWEB\Controllers\API\BetOrderController.cs(24,48): warning CS8604: 鈥渋nt int.Parse(string s)鈥濅腑鐨勫舰鍙傗€渟鈥濆彲鑳戒紶鍏?null 寮曠敤瀹炲弬銆?[C:\mywork\Antigravity\QuantumIdleBot\QuantumIdleWEB\QuantumIdleWEB.csproj]
C:\mywork\Antigravity\QuantumIdleBot\QuantumIdleWEB\Controllers\API\CardController.cs(112,29): warning CS8601: 鍙兘鐨?null 寮曠敤璧嬪€笺€?[C:\mywork\Antigravity\QuantumIdleBot\QuantumIdleWEB\QuantumIdleWEB.csproj]
C:\mywork\Antigravity\QuantumIdleBot\QuantumIdleWEB\Controllers\API\BotController.cs(69,20): warning CS8604: 鈥淭ask TelegramBotClientExtensions.SetWebhook(ITelegramBotClient botClient, string url, InputFileStream? certificate = null, string? ipAddress = null, int? maxConnections = null, IEnumerable<UpdateType>? allowedUpdates = null, bool dropPendingUpdates = false, string? secretToken = null, CancellationToken cancellationToken = default(CancellationToken))鈥濅腑鐨勫舰鍙傗€渦rl鈥濆彲鑳戒紶鍏?null 寮曠敤瀹炲弬銆?[C:\mywork\Antigravity\QuantumIdleBot\QuantumIdleWEB\QuantumIdleWEB.csproj]
C:\mywork\Antigravity\QuantumIdleBot\QuantumIdleWEB\Program.cs(42,24): warning CS8600: 灏?null 鏂囨湰鎴栧彲鑳界殑 null 鍊艰浆鎹负涓嶅彲涓?null 绫诲瀷銆?[C:\mywork\Antigravity\QuantumIdleBot\QuantumIdleWEB\QuantumIdleWEB.csproj]
C:\mywork\Antigravity\QuantumIdleBot\QuantumIdleWEB\Controllers\API\TelegramController.cs(241,23): warning CS8618: 鍦ㄩ€€鍑烘瀯閫犲嚱鏁版椂锛屼笉鍙负 null 鐨?灞炴€?"Message" 蹇呴』鍖呭惈闈?null 鍊笺€傝鑰冭檻娣诲姞 "required" 淇グ绗︽垨灏嗚 灞炴€?澹版槑涓哄彲涓?null銆?[C:\mywork\Antigravity\QuantumIdleBot\QuantumIdleWEB\QuantumIdleWEB.csproj]
C:\mywork\Antigravity\QuantumIdleBot\QuantumIdleWEB\Controllers\API\TelegramController.cs(235,23): warning CS8618: 鍦ㄩ€€鍑烘瀯閫犲嚱鏁版椂锛屼笉鍙负 null 鐨?灞炴€?"Code" 蹇呴』鍖呭惈闈?null 鍊笺€傝鑰冭檻娣诲姞 "required" 淇グ绗︽垨灏嗚 灞炴€?澹版槑涓哄彲涓?null銆?[C:\mywork\Antigravity\QuantumIdleBot\QuantumIdleWEB\QuantumIdleWEB.csproj]
C:\mywork\Antigravity\QuantumIdleBot\QuantumIdleWEB\Controllers\API\TelegramController.cs(230,23): warning CS8618: 鍦ㄩ€€鍑烘瀯閫犲嚱鏁版椂锛屼笉鍙负 null 鐨?灞炴€?"PhoneNumber" 蹇呴』鍖呭惈闈?null 鍊笺€傝鑰冭檻娣诲姞 "required" 淇グ绗︽垨灏嗚 灞炴€?澹版槑涓哄彲涓?null銆?[C:\mywork\Antigravity\QuantumIdleBot\QuantumIdleWEB\QuantumIdleWEB.csproj]
C:\mywork\Antigravity\QuantumIdleBot\QuantumIdleWEB\Controllers\API\TelegramController.cs(30,48): warning CS8604: 鈥渋nt int.Parse(string s)鈥濅腑鐨勫舰鍙傗€渟鈥濆彲鑳戒紶鍏?null 寮曠敤瀹炲弬銆?[C:\mywork\Antigravity\QuantumIdleBot\QuantumIdleWEB\QuantumIdleWEB.csproj]
C:\mywork\Antigravity\QuantumIdleBot\QuantumIdleWEB\Controllers\API\SchemeController.cs(27,48): warning CS8604: 鈥渋nt int.Parse(string s)鈥濅腑鐨勫舰鍙傗€渟鈥濆彲鑳戒紶鍏?null 寮曠敤瀹炲弬銆?[C:\mywork\Antigravity\QuantumIdleBot\QuantumIdleWEB\QuantumIdleWEB.csproj]
C:\mywork\Antigravity\QuantumIdleBot\QuantumIdleWEB\Controllers\API\SchemeController.cs(279,23): warning CS8618: 鍦ㄩ€€鍑烘瀯閫犲嚱鏁版椂锛屼笉鍙负 null 鐨?灞炴€?"Name" 蹇呴』鍖呭惈闈?null 鍊笺€傝鑰冭檻娣诲姞 "required" 淇グ绗︽垨灏嗚 灞炴€?澹版槑涓哄彲涓?null銆?[C:\mywork\Antigravity\QuantumIdleBot\QuantumIdleWEB\QuantumIdleWEB.csproj]
C:\mywork\Antigravity\QuantumIdleBot\QuantumIdleWEB\Controllers\API\SchemeController.cs(280,23): warning CS8618: 鍦ㄩ€€鍑烘瀯閫犲嚱鏁版椂锛屼笉鍙负 null 鐨?灞炴€?"TgGroupName" 蹇呴』鍖呭惈闈?null 鍊笺€傝鑰冭檻娣诲姞 "required" 淇グ绗︽垨灏嗚 灞炴€?澹版槑涓哄彲涓?null銆?[C:\mywork\Antigravity\QuantumIdleBot\QuantumIdleWEB\QuantumIdleWEB.csproj]
C:\mywork\Antigravity\QuantumIdleBot\QuantumIdleWEB\Controllers\API\SchemeController.cs(285,26): warning CS8618: 鍦ㄩ€€鍑烘瀯閫犲嚱鏁版椂锛屼笉鍙负 null 鐨?灞炴€?"PositionLst" 蹇呴』鍖呭惈闈?null 鍊笺€傝鑰冭檻娣诲姞 "required" 淇グ绗︽垨灏嗚 灞炴€?澹版槑涓哄彲涓?null銆?[C:\mywork\Antigravity\QuantumIdleBot\QuantumIdleWEB\QuantumIdleWEB.csproj]
C:\mywork\Antigravity\QuantumIdleBot\QuantumIdleWEB\Controllers\API\SchemeController.cs(286,23): warning CS8618: 鍦ㄩ€€鍑烘瀯閫犲嚱鏁版椂锛屼笉鍙负 null 鐨?灞炴€?"OddsConfig" 蹇呴』鍖呭惈闈?null 鍊笺€傝鑰冭檻娣诲姞 "required" 淇グ绗︽垨灏嗚 灞炴€?澹版槑涓哄彲涓?null銆?[C:\mywork\Antigravity\QuantumIdleBot\QuantumIdleWEB\QuantumIdleWEB.csproj]
C:\mywork\Antigravity\QuantumIdleBot\QuantumIdleWEB\Controllers\API\SchemeController.cs(288,23): warning CS8618: 鍦ㄩ€€鍑烘瀯閫犲嚱鏁版椂锛屼笉鍙负 null 鐨?灞炴€?"DrawRuleConfig" 蹇呴』鍖呭惈闈?null 鍊笺€傝鑰冭檻娣诲姞 "required" 淇グ绗︽垨灏嗚 灞炴€?澹版槑涓哄彲涓?null銆?[C:\mywork\Antigravity\QuantumIdleBot\QuantumIdleWEB\QuantumIdleWEB.csproj]
C:\mywork\Antigravity\QuantumIdleBot\QuantumIdleWEB\Controllers\API\SchemeController.cs(90,41): warning CS8600: 灏?null 鏂囨湰鎴栧彲鑳界殑 null 鍊艰浆鎹负涓嶅彲涓?null 绫诲瀷銆?[C:\mywork\Antigravity\QuantumIdleBot\QuantumIdleWEB\QuantumIdleWEB.csproj]
C:\mywork\Antigravity\QuantumIdleBot\QuantumIdleWEB\Controllers\API\SchemeController.cs(97,45): warning CS8600: 灏?null 鏂囨湰鎴栧彲鑳界殑 null 鍊艰浆鎹负涓嶅彲涓?null 绫诲瀷銆?[C:\mywork\Antigravity\QuantumIdleBot\QuantumIdleWEB\QuantumIdleWEB.csproj]
C:\mywork\Antigravity\QuantumIdleBot\QuantumIdleWEB\Controllers\API\SchemeController.cs(115,34): warning CS8601: 鍙兘鐨?null 寮曠敤璧嬪€笺€?[C:\mywork\Antigravity\QuantumIdleBot\QuantumIdleWEB\QuantumIdleWEB.csproj]
C:\mywork\Antigravity\QuantumIdleBot\QuantumIdleWEB\Controllers\API\SchemeController.cs(117,38): warning CS8601: 鍙兘鐨?null 寮曠敤璧嬪€笺€?[C:\mywork\Antigravity\QuantumIdleBot\QuantumIdleWEB\QuantumIdleWEB.csproj]
C:\mywork\Antigravity\QuantumIdleBot\QuantumIdleWEB\Services\Tron\TronMonitorService.cs(30,32): warning CS8601: 鍙兘鐨?null 寮曠敤璧嬪€笺€?[C:\mywork\Antigravity\QuantumIdleBot\QuantumIdleWEB\QuantumIdleWEB.csproj]
C:\mywork\Antigravity\QuantumIdleBot\QuantumIdleWEB\Services\Tron\TronMonitorService.cs(25,16): warning CS8618: 鍦ㄩ€€鍑烘瀯閫犲嚱鏁版椂锛屼笉鍙负 null 鐨?瀛楁 "_myWalletAddress" 蹇呴』鍖呭惈闈?null 鍊笺€傝鑰冭檻娣诲姞 "required" 淇グ绗︽垨灏嗚 瀛楁 澹版槑涓哄彲涓?null銆?[C:\mywork\Antigravity\QuantumIdleBot\QuantumIdleWEB\QuantumIdleWEB.csproj]
C:\mywork\Antigravity\QuantumIdleBot\QuantumIdleWEB\Controllers\API\SchemeController.cs(297,23): warning CS8618: 鍦ㄩ€€鍑烘瀯閫犲嚱鏁版椂锛屼笉鍙负 null 鐨?灞炴€?"Name" 蹇呴』鍖呭惈闈?null 鍊笺€傝鑰冭檻娣诲姞 "required" 淇グ绗︽垨灏嗚 灞炴€?澹版槑涓哄彲涓?null銆?[C:\mywork\Antigravity\QuantumIdleBot\QuantumIdleWEB\QuantumIdleWEB.csproj]
C:\mywork\Antigravity\QuantumIdleBot\QuantumIdleWEB\Controllers\API\SchemeController.cs(298,23): warning CS8618: 鍦ㄩ€€鍑烘瀯閫犲嚱鏁版椂锛屼笉鍙负 null 鐨?灞炴€?"TgGroupName" 蹇呴』鍖呭惈闈?null 鍊笺€傝鑰冭檻娣诲姞 "required" 淇グ绗︽垨灏嗚 灞炴€?澹版槑涓哄彲涓?null銆?[C:\mywork\Antigravity\QuantumIdleBot\QuantumIdleWEB\QuantumIdleWEB.csproj]
C:\mywork\Antigravity\QuantumIdleBot\QuantumIdleWEB\Controllers\API\SchemeController.cs(303,26): warning CS8618: 鍦ㄩ€€鍑烘瀯閫犲嚱鏁版椂锛屼笉鍙负 null 鐨?灞炴€?"PositionLst" 蹇呴』鍖呭惈闈?null 鍊笺€傝鑰冭檻娣诲姞 "required" 淇グ绗︽垨灏嗚 灞炴€?澹版槑涓哄彲涓?null銆?[C:\mywork\Antigravity\QuantumIdleBot\QuantumIdleWEB\QuantumIdleWEB.csproj]
C:\mywork\Antigravity\QuantumIdleBot\QuantumIdleWEB\Controllers\API\SchemeController.cs(304,23): warning CS8618: 鍦ㄩ€€鍑烘瀯閫犲嚱鏁版椂锛屼笉鍙负 null 鐨?灞炴€?"OddsConfig" 蹇呴』鍖呭惈闈?null 鍊笺€傝鑰冭檻娣诲姞 "required" 淇グ绗︽垨灏嗚 灞炴€?澹版槑涓哄彲涓?null銆?[C:\mywork\Antigravity\QuantumIdleBot\QuantumIdleWEB\QuantumIdleWEB.csproj]
C:\mywork\Antigravity\QuantumIdleBot\QuantumIdleWEB\Controllers\API\SchemeController.cs(306,23): warning CS8618: 鍦ㄩ€€鍑烘瀯閫犲嚱鏁版椂锛屼笉鍙负 null 鐨?灞炴€?"DrawRuleConfig" 蹇呴』鍖呭惈闈?null 鍊笺€傝鑰冭檻娣诲姞 "required" 淇グ绗︽垨灏嗚 灞炴€?澹版槑涓哄彲涓?null銆?[C:\mywork\Antigravity\QuantumIdleBot\QuantumIdleWEB\QuantumIdleWEB.csproj]
C:\mywork\Antigravity\QuantumIdleBot\QuantumIdleWEB\Services\Tron\TronMonitorService.cs(108,28): warning CS8603: 鍙兘杩斿洖 null 寮曠敤銆?[C:\mywork\Antigravity\QuantumIdleBot\QuantumIdleWEB\QuantumIdleWEB.csproj]
C:\mywork\Antigravity\QuantumIdleBot\QuantumIdleWEB\Services\Tron\TronMonitorService.cs(113,24): warning CS8603: 鍙兘杩斿洖 null 寮曠敤銆?[C:\mywork\Antigravity\QuantumIdleBot\QuantumIdleWEB\QuantumIdleWEB.csproj]
C:\mywork\Antigravity\QuantumIdleBot\QuantumIdleWEB\Services\Tron\TronMonitorService.cs(118,24): warning CS8603: 鍙兘杩斿洖 null 寮曠敤銆?[C:\mywork\Antigravity\QuantumIdleBot\QuantumIdleWEB\QuantumIdleWEB.csproj]
C:\mywork\Antigravity\QuantumIdleBot\QuantumIdleWEB\Strategies\DrawRules\BranchTrendRule.cs(26,41): warning CS8600: 灏?null 鏂囨湰鎴栧彲鑳界殑 null 鍊艰浆鎹负涓嶅彲涓?null 绫诲瀷銆?[C:\mywork\Antigravity\QuantumIdleBot\QuantumIdleWEB\QuantumIdleWEB.csproj]
C:\mywork\Antigravity\QuantumIdleBot\QuantumIdleWEB\Strategies\DrawRules\BranchTrendRule.cs(64,40): warning CS8600: 灏?null 鏂囨湰鎴栧彲鑳界殑 null 鍊艰浆鎹负涓嶅彲涓?null 绫诲瀷銆?[C:\mywork\Antigravity\QuantumIdleBot\QuantumIdleWEB\QuantumIdleWEB.csproj]
C:\mywork\Antigravity\QuantumIdleBot\QuantumIdleWEB\Services\Tron\TronGridResponse.cs(37,23): warning CS8618: 鍦ㄩ€€鍑烘瀯閫犲嚱鏁版椂锛屼笉鍙负 null 鐨?灞炴€?"Symbol" 蹇呴』鍖呭惈闈?null 鍊笺€傝鑰冭檻娣诲姞 "required" 淇グ绗︽垨灏嗚 灞炴€?澹版槑涓哄彲涓?null銆?[C:\mywork\Antigravity\QuantumIdleBot\QuantumIdleWEB\QuantumIdleWEB.csproj]
C:\mywork\Antigravity\QuantumIdleBot\QuantumIdleWEB\Services\Tron\TronGridResponse.cs(16,23): warning CS8618: 鍦ㄩ€€鍑烘瀯閫犲嚱鏁版椂锛屼笉鍙负 null 鐨?灞炴€?"TransactionId" 蹇呴』鍖呭惈闈?null 鍊笺€傝鑰冭檻娣诲姞 "required" 淇グ绗︽垨灏嗚 灞炴€?澹版槑涓哄彲涓?null銆?[C:\mywork\Antigravity\QuantumIdleBot\QuantumIdleWEB\QuantumIdleWEB.csproj]
C:\mywork\Antigravity\QuantumIdleBot\QuantumIdleWEB\Services\Tron\TronGridResponse.cs(22,23): warning CS8618: 鍦ㄩ€€鍑烘瀯閫犲嚱鏁版椂锛屼笉鍙负 null 鐨?灞炴€?"From" 蹇呴』鍖呭惈闈?null 鍊笺€傝鑰冭檻娣诲姞 "required" 淇グ绗︽垨灏嗚 灞炴€?澹版槑涓哄彲涓?null銆?[C:\mywork\Antigravity\QuantumIdleBot\QuantumIdleWEB\QuantumIdleWEB.csproj]
C:\mywork\Antigravity\QuantumIdleBot\QuantumIdleWEB\Services\Tron\TronGridResponse.cs(25,23): warning CS8618: 鍦ㄩ€€鍑烘瀯閫犲嚱鏁版椂锛屼笉鍙负 null 鐨?灞炴€?"To" 蹇呴』鍖呭惈闈?null 鍊笺€傝鑰冭檻娣诲姞 "required" 淇グ绗︽垨灏嗚 灞炴€?澹版槑涓哄彲涓?null銆?[C:\mywork\Antigravity\QuantumIdleBot\QuantumIdleWEB\QuantumIdleWEB.csproj]
C:\mywork\Antigravity\QuantumIdleBot\QuantumIdleWEB\Services\Tron\TronGridResponse.cs(28,23): warning CS8618: 鍦ㄩ€€鍑烘瀯閫犲嚱鏁版椂锛屼笉鍙负 null 鐨?灞炴€?"Value" 蹇呴』鍖呭惈闈?null 鍊笺€傝鑰冭檻娣诲姞 "required" 淇グ绗︽垨灏嗚 灞炴€?澹版槑涓哄彲涓?null銆?[C:\mywork\Antigravity\QuantumIdleBot\QuantumIdleWEB\QuantumIdleWEB.csproj]
C:\mywork\Antigravity\QuantumIdleBot\QuantumIdleWEB\Services\Tron\TronGridResponse.cs(31,30): warning CS8618: 鍦ㄩ€€鍑烘瀯閫犲嚱鏁版椂锛屼笉鍙负 null 鐨?灞炴€?"TokenInfo" 蹇呴』鍖呭惈闈?null 鍊笺€傝鑰冭檻娣诲姞 "required" 淇グ绗︽垨灏嗚 灞炴€?澹版槑涓哄彲涓?null銆?[C:\mywork\Antigravity\QuantumIdleBot\QuantumIdleWEB\QuantumIdleWEB.csproj]
C:\mywork\Antigravity\QuantumIdleBot\QuantumIdleWEB\Services\Tron\TronGridResponse.cs(9,38): warning CS8618: 鍦ㄩ€€鍑烘瀯閫犲嚱鏁版椂锛屼笉鍙负 null 鐨?灞炴€?"Data" 蹇呴』鍖呭惈闈?null 鍊笺€傝鑰冭檻娣诲姞 "required" 淇グ绗︽垨灏嗚 灞炴€?澹版槑涓哄彲涓?null銆?[C:\mywork\Antigravity\QuantumIdleBot\QuantumIdleWEB\QuantumIdleWEB.csproj]
C:\mywork\Antigravity\QuantumIdleBot\QuantumIdleWEB\Services\TelegramClientService.cs(625,23): warning CS8618: 鍦ㄩ€€鍑烘瀯閫犲嚱鏁版椂锛屼笉鍙负 null 鐨?灞炴€?"Name" 蹇呴』鍖呭惈闈?null 鍊笺€傝鑰冭檻娣诲姞 "required" 淇グ绗︽垨灏嗚 灞炴€?澹版槑涓哄彲涓?null銆?[C:\mywork\Antigravity\QuantumIdleBot\QuantumIdleWEB\QuantumIdleWEB.csproj]
C:\mywork\Antigravity\QuantumIdleBot\QuantumIdleWEB\Services\TelegramClientService.cs(129,61): warning CS8600: 灏?null 鏂囨湰鎴栧彲鑳界殑 null 鍊艰浆鎹负涓嶅彲涓?null 绫诲瀷銆?[C:\mywork\Antigravity\QuantumIdleBot\QuantumIdleWEB\QuantumIdleWEB.csproj]
C:\mywork\Antigravity\QuantumIdleBot\QuantumIdleWEB\Services\BotUpdateHandler.cs(376,29): warning CS8600: 灏?null 鏂囨湰鎴栧彲鑳界殑 null 鍊艰浆鎹负涓嶅彲涓?null 绫诲瀷銆?[C:\mywork\Antigravity\QuantumIdleBot\QuantumIdleWEB\QuantumIdleWEB.csproj]
C:\mywork\Antigravity\QuantumIdleBot\QuantumIdleWEB\Services\TelegramClientService.cs(570,47): error CS0103: 褰撳墠涓婁笅鏂囦腑涓嶅瓨鍦ㄥ悕绉扳€渦serSchemes鈥?[C:\mywork\Antigravity\QuantumIdleBot\QuantumIdleWEB\QuantumIdleWEB.csproj]
C:\mywork\Antigravity\QuantumIdleBot\QuantumIdleWEB\Services\TelegramClientService.cs(607,27): warning CS8618: 鍦ㄩ€€鍑烘瀯閫犲嚱鏁版椂锛屼笉鍙负 null 鐨?灞炴€?"Client" 蹇呴』鍖呭惈闈?null 鍊笺€傝鑰冭檻娣诲姞 "required" 淇グ绗︽垨灏嗚 灞炴€?澹版槑涓哄彲涓?null銆?[C:\mywork\Antigravity\QuantumIdleBot\QuantumIdleWEB\QuantumIdleWEB.csproj]
C:\mywork\Antigravity\QuantumIdleBot\QuantumIdleWEB\Services\TelegramClientService.cs(608,27): warning CS8618: 鍦ㄩ€€鍑烘瀯閫犲嚱鏁版椂锛屼笉鍙负 null 鐨?灞炴€?"PhoneNumber" 蹇呴』鍖呭惈闈?null 鍊笺€傝鑰冭檻娣诲姞 "required" 淇グ绗︽垨灏嗚 灞炴€?澹版槑涓哄彲涓?null銆?[C:\mywork\Antigravity\QuantumIdleBot\QuantumIdleWEB\QuantumIdleWEB.csproj]
C:\mywork\Antigravity\QuantumIdleBot\QuantumIdleWEB\Services\TelegramClientService.cs(609,27): warning CS8618: 鍦ㄩ€€鍑烘瀯閫犲嚱鏁版椂锛屼笉鍙负 null 鐨?灞炴€?"UserName" 蹇呴』鍖呭惈闈?null 鍊笺€傝鑰冭檻娣诲姞 "required" 淇グ绗︽垨灏嗚 灞炴€?澹版槑涓哄彲涓?null銆?[C:\mywork\Antigravity\QuantumIdleBot\QuantumIdleWEB\QuantumIdleWEB.csproj]
C:\mywork\Antigravity\QuantumIdleBot\QuantumIdleWEB\Services\TelegramClientService.cs(610,27): warning CS8618: 鍦ㄩ€€鍑烘瀯閫犲嚱鏁版椂锛屼笉鍙负 null 鐨?灞炴€?"WhatNext" 蹇呴』鍖呭惈闈?null 鍊笺€傝鑰冭檻娣诲姞 "required" 淇グ绗︽垨灏嗚 灞炴€?澹版槑涓哄彲涓?null銆?[C:\mywork\Antigravity\QuantumIdleBot\QuantumIdleWEB\QuantumIdleWEB.csproj]
C:\mywork\Antigravity\QuantumIdleBot\QuantumIdleWEB\Services\TelegramClientService.cs(599,27): warning CS8618: 鍦ㄩ€€鍑烘瀯閫犲嚱鏁版椂锛屼笉鍙负 null 鐨?灞炴€?"Client" 蹇呴』鍖呭惈闈?null 鍊笺€傝鑰冭檻娣诲姞 "required" 淇グ绗︽垨灏嗚 灞炴€?澹版槑涓哄彲涓?null銆?[C:\mywork\Antigravity\QuantumIdleBot\QuantumIdleWEB\QuantumIdleWEB.csproj]

鐢熸垚澶辫触銆?

C:\mywork\Antigravity\QuantumIdleBot\QuantumIdleWEB\Hubs\RemoteHub.cs(21,36): warning CS8765: 鍙傛暟鈥渆xception鈥濈被鍨嬬殑涓?Null 鎬т笌閲嶅啓鎴愬憳涓嶅尮閰?鍙兘鏄敱浜庝负 Null 鎬х壒鎬?銆?[C:\mywork\Antigravity\QuantumIdleBot\QuantumIdleWEB\QuantumIdleWEB.csproj]
C:\mywork\Antigravity\QuantumIdleBot\QuantumIdleWEB\Controllers\API\BetOrderController.cs(24,48): warning CS8604: 鈥渋nt int.Parse(string s)鈥濅腑鐨勫舰鍙傗€渟鈥濆彲鑳戒紶鍏?null 寮曠敤瀹炲弬銆?[C:\mywork\Antigravity\QuantumIdleBot\QuantumIdleWEB\QuantumIdleWEB.csproj]
C:\mywork\Antigravity\QuantumIdleBot\QuantumIdleWEB\Controllers\API\CardController.cs(112,29): warning CS8601: 鍙兘鐨?null 寮曠敤璧嬪€笺€?[C:\mywork\Antigravity\QuantumIdleBot\QuantumIdleWEB\QuantumIdleWEB.csproj]
C:\mywork\Antigravity\QuantumIdleBot\QuantumIdleWEB\Controllers\API\BotController.cs(69,20): warning CS8604: 鈥淭ask TelegramBotClientExtensions.SetWebhook(ITelegramBotClient botClient, string url, InputFileStream? certificate = null, string? ipAddress = null, int? maxConnections = null, IEnumerable<UpdateType>? allowedUpdates = null, bool dropPendingUpdates = false, string? secretToken = null, CancellationToken cancellationToken = default(CancellationToken))鈥濅腑鐨勫舰鍙傗€渦rl鈥濆彲鑳戒紶鍏?null 寮曠敤瀹炲弬銆?[C:\mywork\Antigravity\QuantumIdleBot\QuantumIdleWEB\QuantumIdleWEB.csproj]
C:\mywork\Antigravity\QuantumIdleBot\QuantumIdleWEB\Program.cs(42,24): warning CS8600: 灏?null 鏂囨湰鎴栧彲鑳界殑 null 鍊艰浆鎹负涓嶅彲涓?null 绫诲瀷銆?[C:\mywork\Antigravity\QuantumIdleBot\QuantumIdleWEB\QuantumIdleWEB.csproj]
C:\mywork\Antigravity\QuantumIdleBot\QuantumIdleWEB\Controllers\API\TelegramController.cs(241,23): warning CS8618: 鍦ㄩ€€鍑烘瀯閫犲嚱鏁版椂锛屼笉鍙负 null 鐨?灞炴€?"Message" 蹇呴』鍖呭惈闈?null 鍊笺€傝鑰冭檻娣诲姞 "required" 淇グ绗︽垨灏嗚 灞炴€?澹版槑涓哄彲涓?null銆?[C:\mywork\Antigravity\QuantumIdleBot\QuantumIdleWEB\QuantumIdleWEB.csproj]
C:\mywork\Antigravity\QuantumIdleBot\QuantumIdleWEB\Controllers\API\TelegramController.cs(235,23): warning CS8618: 鍦ㄩ€€鍑烘瀯閫犲嚱鏁版椂锛屼笉鍙负 null 鐨?灞炴€?"Code" 蹇呴』鍖呭惈闈?null 鍊笺€傝鑰冭檻娣诲姞 "required" 淇グ绗︽垨灏嗚 灞炴€?澹版槑涓哄彲涓?null銆?[C:\mywork\Antigravity\QuantumIdleBot\QuantumIdleWEB\QuantumIdleWEB.csproj]
C:\mywork\Antigravity\QuantumIdleBot\QuantumIdleWEB\Controllers\API\TelegramController.cs(230,23): warning CS8618: 鍦ㄩ€€鍑烘瀯閫犲嚱鏁版椂锛屼笉鍙负 null 鐨?灞炴€?"PhoneNumber" 蹇呴』鍖呭惈闈?null 鍊笺€傝鑰冭檻娣诲姞 "required" 淇グ绗︽垨灏嗚 灞炴€?澹版槑涓哄彲涓?null銆?[C:\mywork\Antigravity\QuantumIdleBot\QuantumIdleWEB\QuantumIdleWEB.csproj]
C:\mywork\Antigravity\QuantumIdleBot\QuantumIdleWEB\Controllers\API\TelegramController.cs(30,48): warning CS8604: 鈥渋nt int.Parse(string s)鈥濅腑鐨勫舰鍙傗€渟鈥濆彲鑳戒紶鍏?null 寮曠敤瀹炲弬銆?[C:\mywork\Antigravity\QuantumIdleBot\QuantumIdleWEB\QuantumIdleWEB.csproj]
C:\mywork\Antigravity\QuantumIdleBot\QuantumIdleWEB\Controllers\API\SchemeController.cs(27,48): warning CS8604: 鈥渋nt int.Parse(string s)鈥濅腑鐨勫舰鍙傗€渟鈥濆彲鑳戒紶鍏?null 寮曠敤瀹炲弬銆?[C:\mywork\Antigravity\QuantumIdleBot\QuantumIdleWEB\QuantumIdleWEB.csproj]
C:\mywork\Antigravity\QuantumIdleBot\QuantumIdleWEB\Controllers\API\SchemeController.cs(279,23): warning CS8618: 鍦ㄩ€€鍑烘瀯閫犲嚱鏁版椂锛屼笉鍙负 null 鐨?灞炴€?"Name" 蹇呴』鍖呭惈闈?null 鍊笺€傝鑰冭檻娣诲姞 "required" 淇グ绗︽垨灏嗚 灞炴€?澹版槑涓哄彲涓?null銆?[C:\mywork\Antigravity\QuantumIdleBot\QuantumIdleWEB\QuantumIdleWEB.csproj]
C:\mywork\Antigravity\QuantumIdleBot\QuantumIdleWEB\Controllers\API\SchemeController.cs(280,23): warning CS8618: 鍦ㄩ€€鍑烘瀯閫犲嚱鏁版椂锛屼笉鍙负 null 鐨?灞炴€?"TgGroupName" 蹇呴』鍖呭惈闈?null 鍊笺€傝鑰冭檻娣诲姞 "required" 淇グ绗︽垨灏嗚 灞炴€?澹版槑涓哄彲涓?null銆?[C:\mywork\Antigravity\QuantumIdleBot\QuantumIdleWEB\QuantumIdleWEB.csproj]
C:\mywork\Antigravity\QuantumIdleBot\QuantumIdleWEB\Controllers\API\SchemeController.cs(285,26): warning CS8618: 鍦ㄩ€€鍑烘瀯閫犲嚱鏁版椂锛屼笉鍙负 null 鐨?灞炴€?"PositionLst" 蹇呴』鍖呭惈闈?null 鍊笺€傝鑰冭檻娣诲姞 "required" 淇グ绗︽垨灏嗚 灞炴€?澹版槑涓哄彲涓?null銆?[C:\mywork\Antigravity\QuantumIdleBot\QuantumIdleWEB\QuantumIdleWEB.csproj]
C:\mywork\Antigravity\QuantumIdleBot\QuantumIdleWEB\Controllers\API\SchemeController.cs(286,23): warning CS8618: 鍦ㄩ€€鍑烘瀯閫犲嚱鏁版椂锛屼笉鍙负 null 鐨?灞炴€?"OddsConfig" 蹇呴』鍖呭惈闈?null 鍊笺€傝鑰冭檻娣诲姞 "required" 淇グ绗︽垨灏嗚 灞炴€?澹版槑涓哄彲涓?null銆?[C:\mywork\Antigravity\QuantumIdleBot\QuantumIdleWEB\QuantumIdleWEB.csproj]
C:\mywork\Antigravity\QuantumIdleBot\QuantumIdleWEB\Controllers\API\SchemeController.cs(288,23): warning CS8618: 鍦ㄩ€€鍑烘瀯閫犲嚱鏁版椂锛屼笉鍙负 null 鐨?灞炴€?"DrawRuleConfig" 蹇呴』鍖呭惈闈?null 鍊笺€傝鑰冭檻娣诲姞 "required" 淇グ绗︽垨灏嗚 灞炴€?澹版槑涓哄彲涓?null銆?[C:\mywork\Antigravity\QuantumIdleBot\QuantumIdleWEB\QuantumIdleWEB.csproj]
C:\mywork\Antigravity\QuantumIdleBot\QuantumIdleWEB\Controllers\API\SchemeController.cs(90,41): warning CS8600: 灏?null 鏂囨湰鎴栧彲鑳界殑 null 鍊艰浆鎹负涓嶅彲涓?null 绫诲瀷銆?[C:\mywork\Antigravity\QuantumIdleBot\QuantumIdleWEB\QuantumIdleWEB.csproj]
C:\mywork\Antigravity\QuantumIdleBot\QuantumIdleWEB\Controllers\API\SchemeController.cs(97,45): warning CS8600: 灏?null 鏂囨湰鎴栧彲鑳界殑 null 鍊艰浆鎹负涓嶅彲涓?null 绫诲瀷銆?[C:\mywork\Antigravity\QuantumIdleBot\QuantumIdleWEB\QuantumIdleWEB.csproj]
C:\mywork\Antigravity\QuantumIdleBot\QuantumIdleWEB\Controllers\API\SchemeController.cs(115,34): warning CS8601: 鍙兘鐨?null 寮曠敤璧嬪€笺€?[C:\mywork\Antigravity\QuantumIdleBot\QuantumIdleWEB\QuantumIdleWEB.csproj]
C:\mywork\Antigravity\QuantumIdleBot\QuantumIdleWEB\Controllers\API\SchemeController.cs(117,38): warning CS8601: 鍙兘鐨?null 寮曠敤璧嬪€笺€?[C:\mywork\Antigravity\QuantumIdleBot\QuantumIdleWEB\QuantumIdleWEB.csproj]
C:\mywork\Antigravity\QuantumIdleBot\QuantumIdleWEB\Services\Tron\TronMonitorService.cs(30,32): warning CS8601: 鍙兘鐨?null 寮曠敤璧嬪€笺€?[C:\mywork\Antigravity\QuantumIdleBot\QuantumIdleWEB\QuantumIdleWEB.csproj]
C:\mywork\Antigravity\QuantumIdleBot\QuantumIdleWEB\Services\Tron\TronMonitorService.cs(25,16): warning CS8618: 鍦ㄩ€€鍑烘瀯閫犲嚱鏁版椂锛屼笉鍙负 null 鐨?瀛楁 "_myWalletAddress" 蹇呴』鍖呭惈闈?null 鍊笺€傝鑰冭檻娣诲姞 "required" 淇グ绗︽垨灏嗚 瀛楁 澹版槑涓哄彲涓?null銆?[C:\mywork\Antigravity\QuantumIdleBot\QuantumIdleWEB\QuantumIdleWEB.csproj]
C:\mywork\Antigravity\QuantumIdleBot\QuantumIdleWEB\Controllers\API\SchemeController.cs(297,23): warning CS8618: 鍦ㄩ€€鍑烘瀯閫犲嚱鏁版椂锛屼笉鍙负 null 鐨?灞炴€?"Name" 蹇呴』鍖呭惈闈?null 鍊笺€傝鑰冭檻娣诲姞 "required" 淇グ绗︽垨灏嗚 灞炴€?澹版槑涓哄彲涓?null銆?[C:\mywork\Antigravity\QuantumIdleBot\QuantumIdleWEB\QuantumIdleWEB.csproj]
C:\mywork\Antigravity\QuantumIdleBot\QuantumIdleWEB\Controllers\API\SchemeController.cs(298,23): warning CS8618: 鍦ㄩ€€鍑烘瀯閫犲嚱鏁版椂锛屼笉鍙负 null 鐨?灞炴€?"TgGroupName" 蹇呴』鍖呭惈闈?null 鍊笺€傝鑰冭檻娣诲姞 "required" 淇グ绗︽垨灏嗚 灞炴€?澹版槑涓哄彲涓?null銆?[C:\mywork\Antigravity\QuantumIdleBot\QuantumIdleWEB\QuantumIdleWEB.csproj]
C:\mywork\Antigravity\QuantumIdleBot\QuantumIdleWEB\Controllers\API\SchemeController.cs(303,26): warning CS8618: 鍦ㄩ€€鍑烘瀯閫犲嚱鏁版椂锛屼笉鍙负 null 鐨?灞炴€?"PositionLst" 蹇呴』鍖呭惈闈?null 鍊笺€傝鑰冭檻娣诲姞 "required" 淇グ绗︽垨灏嗚 灞炴€?澹版槑涓哄彲涓?null銆?[C:\mywork\Antigravity\QuantumIdleBot\QuantumIdleWEB\QuantumIdleWEB.csproj]
C:\mywork\Antigravity\QuantumIdleBot\QuantumIdleWEB\Controllers\API\SchemeController.cs(304,23): warning CS8618: 鍦ㄩ€€鍑烘瀯閫犲嚱鏁版椂锛屼笉鍙负 null 鐨?灞炴€?"OddsConfig" 蹇呴』鍖呭惈闈?null 鍊笺€傝鑰冭檻娣诲姞 "required" 淇グ绗︽垨灏嗚 灞炴€?澹版槑涓哄彲涓?null銆?[C:\mywork\Antigravity\QuantumIdleBot\QuantumIdleWEB\QuantumIdleWEB.csproj]
C:\mywork\Antigravity\QuantumIdleBot\QuantumIdleWEB\Controllers\API\SchemeController.cs(306,23): warning CS8618: 鍦ㄩ€€鍑烘瀯閫犲嚱鏁版椂锛屼笉鍙负 null 鐨?灞炴€?"DrawRuleConfig" 蹇呴』鍖呭惈闈?null 鍊笺€傝鑰冭檻娣诲姞 "required" 淇グ绗︽垨灏嗚 灞炴€?澹版槑涓哄彲涓?null銆?[C:\mywork\Antigravity\QuantumIdleBot\QuantumIdleWEB\QuantumIdleWEB.csproj]
C:\mywork\Antigravity\QuantumIdleBot\QuantumIdleWEB\Services\Tron\TronMonitorService.cs(108,28): warning CS8603: 鍙兘杩斿洖 null 寮曠敤銆?[C:\mywork\Antigravity\QuantumIdleBot\QuantumIdleWEB\QuantumIdleWEB.csproj]
C:\mywork\Antigravity\QuantumIdleBot\QuantumIdleWEB\Services\Tron\TronMonitorService.cs(113,24): warning CS8603: 鍙兘杩斿洖 null 寮曠敤銆?[C:\mywork\Antigravity\QuantumIdleBot\QuantumIdleWEB\QuantumIdleWEB.csproj]
C:\mywork\Antigravity\QuantumIdleBot\QuantumIdleWEB\Services\Tron\TronMonitorService.cs(118,24): warning CS8603: 鍙兘杩斿洖 null 寮曠敤銆?[C:\mywork\Antigravity\QuantumIdleBot\QuantumIdleWEB\QuantumIdleWEB.csproj]
C:\mywork\Antigravity\QuantumIdleBot\QuantumIdleWEB\Strategies\DrawRules\BranchTrendRule.cs(26,41): warning CS8600: 灏?null 鏂囨湰鎴栧彲鑳界殑 null 鍊艰浆鎹负涓嶅彲涓?null 绫诲瀷銆?[C:\mywork\Antigravity\QuantumIdleBot\QuantumIdleWEB\QuantumIdleWEB.csproj]
C:\mywork\Antigravity\QuantumIdleBot\QuantumIdleWEB\Strategies\DrawRules\BranchTrendRule.cs(64,40): warning CS8600: 灏?null 鏂囨湰鎴栧彲鑳界殑 null 鍊艰浆鎹负涓嶅彲涓?null 绫诲瀷銆?[C:\mywork\Antigravity\QuantumIdleBot\QuantumIdleWEB\QuantumIdleWEB.csproj]
C:\mywork\Antigravity\QuantumIdleBot\QuantumIdleWEB\Services\Tron\TronGridResponse.cs(37,23): warning CS8618: 鍦ㄩ€€鍑烘瀯閫犲嚱鏁版椂锛屼笉鍙负 null 鐨?灞炴€?"Symbol" 蹇呴』鍖呭惈闈?null 鍊笺€傝鑰冭檻娣诲姞 "required" 淇グ绗︽垨灏嗚 灞炴€?澹版槑涓哄彲涓?null銆?[C:\mywork\Antigravity\QuantumIdleBot\QuantumIdleWEB\QuantumIdleWEB.csproj]
C:\mywork\Antigravity\QuantumIdleBot\QuantumIdleWEB\Services\Tron\TronGridResponse.cs(16,23): warning CS8618: 鍦ㄩ€€鍑烘瀯閫犲嚱鏁版椂锛屼笉鍙负 null 鐨?灞炴€?"TransactionId" 蹇呴』鍖呭惈闈?null 鍊笺€傝鑰冭檻娣诲姞 "required" 淇グ绗︽垨灏嗚 灞炴€?澹版槑涓哄彲涓?null銆?[C:\mywork\Antigravity\QuantumIdleBot\QuantumIdleWEB\QuantumIdleWEB.csproj]
C:\mywork\Antigravity\QuantumIdleBot\QuantumIdleWEB\Services\Tron\TronGridResponse.cs(22,23): warning CS8618: 鍦ㄩ€€鍑烘瀯閫犲嚱鏁版椂锛屼笉鍙负 null 鐨?灞炴€?"From" 蹇呴』鍖呭惈闈?null 鍊笺€傝鑰冭檻娣诲姞 "required" 淇グ绗︽垨灏嗚 灞炴€?澹版槑涓哄彲涓?null銆?[C:\mywork\Antigravity\QuantumIdleBot\QuantumIdleWEB\QuantumIdleWEB.csproj]
C:\mywork\Antigravity\QuantumIdleBot\QuantumIdleWEB\Services\Tron\TronGridResponse.cs(25,23): warning CS8618: 鍦ㄩ€€鍑烘瀯閫犲嚱鏁版椂锛屼笉鍙负 null 鐨?灞炴€?"To" 蹇呴』鍖呭惈闈?null 鍊笺€傝鑰冭檻娣诲姞 "required" 淇グ绗︽垨灏嗚 灞炴€?澹版槑涓哄彲涓?null銆?[C:\mywork\Antigravity\QuantumIdleBot\QuantumIdleWEB\QuantumIdleWEB.csproj]
C:\mywork\Antigravity\QuantumIdleBot\QuantumIdleWEB\Services\Tron\TronGridResponse.cs(28,23): warning CS8618: 鍦ㄩ€€鍑烘瀯閫犲嚱鏁版椂锛屼笉鍙负 null 鐨?灞炴€?"Value" 蹇呴』鍖呭惈闈?null 鍊笺€傝鑰冭檻娣诲姞 "required" 淇グ绗︽垨灏嗚 灞炴€?澹版槑涓哄彲涓?null銆?[C:\mywork\Antigravity\QuantumIdleBot\QuantumIdleWEB\QuantumIdleWEB.csproj]
C:\mywork\Antigravity\QuantumIdleBot\QuantumIdleWEB\Services\Tron\TronGridResponse.cs(31,30): warning CS8618: 鍦ㄩ€€鍑烘瀯閫犲嚱鏁版椂锛屼笉鍙负 null 鐨?灞炴€?"TokenInfo" 蹇呴』鍖呭惈闈?null 鍊笺€傝鑰冭檻娣诲姞 "required" 淇グ绗︽垨灏嗚 灞炴€?澹版槑涓哄彲涓?null銆?[C:\mywork\Antigravity\QuantumIdleBot\QuantumIdleWEB\QuantumIdleWEB.csproj]
C:\mywork\Antigravity\QuantumIdleBot\QuantumIdleWEB\Services\Tron\TronGridResponse.cs(9,38): warning CS8618: 鍦ㄩ€€鍑烘瀯閫犲嚱鏁版椂锛屼笉鍙负 null 鐨?灞炴€?"Data" 蹇呴』鍖呭惈闈?null 鍊笺€傝鑰冭檻娣诲姞 "required" 淇グ绗︽垨灏嗚 灞炴€?澹版槑涓哄彲涓?null銆?[C:\mywork\Antigravity\QuantumIdleBot\QuantumIdleWEB\QuantumIdleWEB.csproj]
C:\mywork\Antigravity\QuantumIdleBot\QuantumIdleWEB\Services\TelegramClientService.cs(625,23): warning CS8618: 鍦ㄩ€€鍑烘瀯閫犲嚱鏁版椂锛屼笉鍙负 null 鐨?灞炴€?"Name" 蹇呴』鍖呭惈闈?null 鍊笺€傝鑰冭檻娣诲姞 "required" 淇グ绗︽垨灏嗚 灞炴€?澹版槑涓哄彲涓?null銆?[C:\mywork\Antigravity\QuantumIdleBot\QuantumIdleWEB\QuantumIdleWEB.csproj]
C:\mywork\Antigravity\QuantumIdleBot\QuantumIdleWEB\Services\TelegramClientService.cs(129,61): warning CS8600: 灏?null 鏂囨湰鎴栧彲鑳界殑 null 鍊艰浆鎹负涓嶅彲涓?null 绫诲瀷銆?[C:\mywork\Antigravity\QuantumIdleBot\QuantumIdleWEB\QuantumIdleWEB.csproj]
C:\mywork\Antigravity\QuantumIdleBot\QuantumIdleWEB\Services\BotUpdateHandler.cs(376,29): warning CS8600: 灏?null 鏂囨湰鎴栧彲鑳界殑 null 鍊艰浆鎹负涓嶅彲涓?null 绫诲瀷銆?[C:\mywork\Antigravity\QuantumIdleBot\QuantumIdleWEB\QuantumIdleWEB.csproj]
C:\mywork\Antigravity\QuantumIdleBot\QuantumIdleWEB\Services\TelegramClientService.cs(607,27): warning CS8618: 鍦ㄩ€€鍑烘瀯閫犲嚱鏁版椂锛屼笉鍙负 null 鐨?灞炴€?"Client" 蹇呴』鍖呭惈闈?null 鍊笺€傝鑰冭檻娣诲姞 "required" 淇グ绗︽垨灏嗚 灞炴€?澹版槑涓哄彲涓?null銆?[C:\mywork\Antigravity\QuantumIdleBot\QuantumIdleWEB\QuantumIdleWEB.csproj]
C:\mywork\Antigravity\QuantumIdleBot\QuantumIdleWEB\Services\TelegramClientService.cs(608,27): warning CS8618: 鍦ㄩ€€鍑烘瀯閫犲嚱鏁版椂锛屼笉鍙负 null 鐨?灞炴€?"PhoneNumber" 蹇呴』鍖呭惈闈?null 鍊笺€傝鑰冭檻娣诲姞 "required" 淇グ绗︽垨灏嗚 灞炴€?澹版槑涓哄彲涓?null銆?[C:\mywork\Antigravity\QuantumIdleBot\QuantumIdleWEB\QuantumIdleWEB.csproj]
C:\mywork\Antigravity\QuantumIdleBot\QuantumIdleWEB\Services\TelegramClientService.cs(609,27): warning CS8618: 鍦ㄩ€€鍑烘瀯閫犲嚱鏁版椂锛屼笉鍙负 null 鐨?灞炴€?"UserName" 蹇呴』鍖呭惈闈?null 鍊笺€傝鑰冭檻娣诲姞 "required" 淇グ绗︽垨灏嗚 灞炴€?澹版槑涓哄彲涓?null銆?[C:\mywork\Antigravity\QuantumIdleBot\QuantumIdleWEB\QuantumIdleWEB.csproj]
C:\mywork\Antigravity\QuantumIdleBot\QuantumIdleWEB\Services\TelegramClientService.cs(610,27): warning CS8618: 鍦ㄩ€€鍑烘瀯閫犲嚱鏁版椂锛屼笉鍙负 null 鐨?灞炴€?"WhatNext" 蹇呴』鍖呭惈闈?null 鍊笺€傝鑰冭檻娣诲姞 "required" 淇グ绗︽垨灏嗚 灞炴€?澹版槑涓哄彲涓?null銆?[C:\mywork\Antigravity\QuantumIdleBot\QuantumIdleWEB\QuantumIdleWEB.csproj]
C:\mywork\Antigravity\QuantumIdleBot\QuantumIdleWEB\Services\TelegramClientService.cs(599,27): warning CS8618: 鍦ㄩ€€鍑烘瀯閫犲嚱鏁版椂锛屼笉鍙负 null 鐨?灞炴€?"Client" 蹇呴』鍖呭惈闈?null 鍊笺€傝鑰冭檻娣诲姞 "required" 淇グ绗︽垨灏嗚 灞炴€?澹版槑涓哄彲涓?null銆?[C:\mywork\Antigravity\QuantumIdleBot\QuantumIdleWEB\QuantumIdleWEB.csproj]
C:\mywork\Antigravity\QuantumIdleBot\QuantumIdleWEB\Services\TelegramClientService.cs(570,47): error CS0103: 褰撳墠涓婁笅鏂囦腑涓嶅瓨鍦ㄥ悕绉扳€渦serSchemes鈥?[C:\mywork\Antigravity\QuantumIdleBot\QuantumIdleWEB\QuantumIdleWEB.csproj]
    46 涓鍛?
    1 涓敊璇?

宸茬敤鏃堕棿 00:00:04.00
